// Jest Snapshot v1, https://goo.gl/fbAQLP

exports[`Test at <AddCategory /> Show content component 1`] = `
<Fragment>
  <p />
  <form
    onSubmit={[Function]}
  >
    <input
      onChange={[Function]}
      type="text"
      value=""
    />
  </form>
</Fragment>
`;
