// Jest Snapshot v1, https://goo.gl/fbAQLP

exports[`Test Gif Grid Item Show GifGridItem <GifGridItem /> 1`] = `
<div
  className="card animate__animated animate__fadeIn"
>
  <img
    alt="title"
    src="http://localhost:3000"
  />
  <p>
    title
  </p>
</div>
`;
